// Jest Snapshot v1, https://goo.gl/fbAQLP

exports[`renders correctly 1`] = `
<div
  className="my-reservations-container"
>
  <div
    className="heading"
  >
    <h1>
      My Reservations
    </h1>
  </div>
</div>
`;
